<?xml version="1.0" encoding="utf-8"?><testsuites name="pytest tests"><testsuite name="pytest" errors="0" failures="0" skipped="0" tests="617" time="7.280" timestamp="2025-07-09T16:42:02.751544+00:00" hostname="fv-az810-594"><testcase classname="tests.test_enhanced_service_features.TestIntegrationFeatures" name="test_transaction_with_audit_and_metrics" time="0.071" /><testcase classname="tests.test_enum_validation.TestEnumValidatorEdgeCases" name="test_comprehensive_relationship_coverage" time="0.003" /><testcase classname="tests.test_security_enhancements.TestSecurityEnhancements" name="test_rate_limiting_functionality" time="0.053" /><testcase classname="tests.test_api_security.TestAPIRateLimiting" name="test_rate_limit_different_ips" time="0.006" /><testcase classname="tests.test_enum_validation.TestEnumValidatorEdgeCases" name="test_error_message_quality" time="0.001" /><testcase classname="tests.test_enum_validation.TestEnumValidatorEdgeCases" name="test_suggestion_generation_for_different_scenarios" time="0.001" /><testcase classname="tests.test_hayden_sfm_alignment.TestCeremonialInstrumentalAlignment" name="test_ceremonial_tendency_property_exists" time="0.001" /><testcase classname="tests.test_hayden_sfm_alignment.TestCeremonialInstrumentalAlignment" name="test_ceremonial_tendency_returns_float" time="0.003" /><testcase classname="tests.test_api_security.TestAPIRateLimiting" name="test_rate_limit_exceeded" time="0.003" /><testcase classname="tests.test_api_security.TestAPIRateLimiting" name="test_rate_limit_window_expiration" time="0.001" /><testcase classname="tests.test_hayden_sfm_alignment.TestCeremonialInstrumentalAlignment" name="test_ceremonially_reinforces_high_ceremonial" time="0.001" /><testcase classname="tests.test_hayden_sfm_alignment.TestCeremonialInstrumentalAlignment" name="test_instrumentally_adapts_low_ceremonial" time="0.001" /><testcase classname="tests.test_hayden_sfm_alignment.TestCeremonialInstrumentalAlignment" name="test_mixed_relationships_have_intermediate_values" time="0.001" /><testcase classname="tests.test_hayden_sfm_alignment.TestPowerResourceType" name="test_power_resource_type_enum_properties" time="0.001" /><testcase classname="tests.test_hayden_sfm_alignment.TestPowerResourceType" name="test_power_resource_types_exist" time="0.001" /><testcase classname="tests.test_hayden_sfm_alignment.TestToolSkillTechnologyType" name="test_tool_skill_technology_enum_properties" time="0.001" /><testcase classname="tests.test_hayden_sfm_alignment.TestToolSkillTechnologyType" name="test_tool_skill_technology_types_exist" time="0.001" /><testcase classname="tests.test_api_security.TestAPIRateLimiting" name="test_rate_limit_within_limits" time="0.002" /><testcase classname="tests.test_api_security.TestAPISecurityIntegration" name="test_api_cors_headers" time="0.057" /><testcase classname="tests.test_hayden_sfm_alignment.TestPathDependencyType" name="test_path_dependency_enum_properties" time="0.002" /><testcase classname="tests.test_hayden_sfm_alignment.TestPathDependencyType" name="test_path_dependency_types_exist" time="0.001" /><testcase classname="tests.test_hayden_sfm_alignment.TestInstitutionalChangeType" name="test_institutional_change_enum_properties" time="0.001" /><testcase classname="tests.test_hayden_sfm_alignment.TestInstitutionalChangeType" name="test_institutional_change_types_exist" time="0.001" /><testcase classname="tests.test_hayden_sfm_alignment.TestHaydenSFMIntegration" name="test_all_new_enums_importable" time="0.001" /><testcase classname="tests.test_hayden_sfm_alignment.TestHaydenSFMIntegration" name="test_ceremonial_tendency_comprehensive" time="0.002" /><testcase classname="tests.test_security_enhancements.TestSecurityEnhancements" name="test_url_validation_with_dangerous_schemes" time="0.002" /><testcase classname="tests.test_security_validation.TestSecurityValidators" name="test_sanitize_description" time="0.003" /><testcase classname="tests.test_security_validation.TestSecurityValidators" name="test_sanitize_string_basic" time="0.002" /><testcase classname="tests.test_security_validation.TestSecurityValidators" name="test_sanitize_string_dangerous_patterns" time="0.001" /><testcase classname="tests.test_security_validation.TestSecurityValidators" name="test_sanitize_string_length_limits" time="0.002" /><testcase classname="tests.test_security_validation.TestSecurityValidators" name="test_validate_and_sanitize_node_data" time="0.003" /><testcase classname="tests.test_security_validation.TestSecurityValidators" name="test_validate_metadata_basic" time="0.002" /><testcase classname="tests.test_enhanced_validation_features.TestEnhancedSuggestions" name="test_business_logic_suggestions_for_transforms" time="0.001" /><testcase classname="tests.test_enhanced_validation_features.TestEnhancedSuggestions" name="test_entity_compatibility_suggestions" time="0.001" /><testcase classname="tests.test_enhanced_validation_features.TestEnhancedSuggestions" name="test_semantic_suggestions_for_governance_relationships" time="0.001" /><testcase classname="tests.test_security_validation.TestSecurityValidators" name="test_validate_metadata_dangerous_values" time="0.001" /><testcase classname="tests.test_enhanced_validation_features.TestEnhancedSuggestions" name="test_suggestions_for_covered_relationships" time="0.001" /><testcase classname="tests.test_security_validation.TestSecurityValidators" name="test_validate_metadata_nested" time="0.004" /><testcase classname="tests.test_enhanced_validation_features.TestCrossEntityConsistency" name="test_authority_consistency_invalid" time="0.001" /><testcase classname="tests.test_enhanced_validation_features.TestCrossEntityConsistency" name="test_authority_consistency_valid" time="0.001" /><testcase classname="tests.test_security_validation.TestSecurityValidators" name="test_validate_metadata_too_many_keys" time="0.001" /><testcase classname="tests.test_api_security.TestAPISecurityIntegration" name="test_create_actor_with_dangerous_input_via_api" time="0.015" /><testcase classname="tests.test_security_validation.TestSecurityValidators" name="test_validate_node_description" time="0.002" /><testcase classname="tests.test_enhanced_validation_features.TestCrossEntityConsistency" name="test_economic_consistency_invalid" time="0.002" /><testcase classname="tests.test_security_validation.TestSecurityValidators" name="test_validate_node_label" time="0.002" /><testcase classname="tests.test_enhanced_validation_features.TestCrossEntityConsistency" name="test_economic_consistency_valid" time="0.001" /><testcase classname="tests.test_enhanced_validation_features.TestCrossEntityConsistency" name="test_invalid_parameters" time="0.001" /><testcase classname="tests.test_enhanced_validation_features.TestCrossEntityConsistency" name="test_spatial_consistency_invalid" time="0.001" /><testcase classname="tests.test_enhanced_validation_features.TestBusinessRuleConstraints" name="test_economic_domain_invalid" time="0.001" /><testcase classname="tests.test_security_validation.TestSecurityValidators" name="test_validate_url" time="0.002" /><testcase classname="tests.test_security_validation.TestSFMServiceSecurityIntegration" name="test_create_actor_with_dangerous_input" time="0.002" /><testcase classname="tests.test_api_security.TestAPISecurityIntegration" name="test_create_actor_with_valid_input_via_api" time="0.062" /><testcase classname="tests.test_enhanced_validation_features.TestBusinessRuleConstraints" name="test_economic_domain_valid" time="0.001" /><testcase classname="tests.test_security_validation.TestSFMServiceSecurityIntegration" name="test_create_actor_with_dangerous_metadata" time="0.003" /><testcase classname="tests.test_enhanced_validation_features.TestBusinessRuleConstraints" name="test_environmental_domain_invalid" time="0.002" /><testcase classname="tests.test_enhanced_validation_features.TestBusinessRuleConstraints" name="test_environmental_domain_valid" time="0.004" /><testcase classname="tests.test_security_validation.TestSFMServiceSecurityIntegration" name="test_create_actor_with_long_input" time="0.003" /><testcase classname="tests.test_security_validation.TestSFMServiceSecurityIntegration" name="test_create_actor_with_valid_input" time="0.006" /><testcase classname="tests.test_enhanced_validation_features.TestBusinessRuleConstraints" name="test_institutional_domain_invalid" time="0.001" /><testcase classname="tests.test_enhanced_validation_features.TestBusinessRuleConstraints" name="test_invalid_parameters" time="0.002" /><testcase classname="tests.test_security_validation.TestSFMServiceSecurityIntegration" name="test_create_institution_with_dangerous_input" time="0.002" /><testcase classname="tests.test_enhanced_validation_features.TestBusinessRuleConstraints" name="test_social_domain_invalid" time="0.004" /><testcase classname="tests.test_security_validation.TestSFMServiceSecurityIntegration" name="test_create_institution_with_valid_input" time="0.004" /><testcase classname="tests.test_enhanced_validation_features.TestExtendedRelationshipRules" name="test_implementation_relationships" time="0.002" /><testcase classname="tests.test_security_validation.TestSFMServiceSecurityIntegration" name="test_create_policy_with_dangerous_input" time="0.002" /><testcase classname="tests.test_enhanced_validation_features.TestExtendedRelationshipRules" name="test_new_collaborative_relationships" time="0.001" /><testcase classname="tests.test_lookup_performance.TestLookupPerformance" name="test_node_lookup_by_id" time="0.092" /><testcase classname="tests.test_security_validation.TestSFMServiceSecurityIntegration" name="test_create_resource_with_dangerous_input" time="0.002" /><testcase classname="tests.test_enhanced_validation_features.TestExtendedRelationshipRules" name="test_new_governance_relationships" time="0.002" /><testcase classname="tests.test_security_validation.TestSecurityValidationEdgeCases" name="test_case_insensitive_pattern_matching" time="0.002" /><testcase classname="tests.test_enhanced_validation_features.TestExtendedRelationshipRules" name="test_new_resource_flow_relationships" time="0.001" /><testcase classname="tests.test_security_validation.TestSecurityValidationEdgeCases" name="test_empty_string_handling" time="0.001" /><testcase classname="tests.test_enhanced_validation_features.TestExtendedRelationshipRules" name="test_transformation_relationships" time="0.001" /><testcase classname="tests.test_security_validation.TestSecurityValidationEdgeCases" name="test_non_string_input" time="0.004" /><testcase classname="tests.test_enum_validation.TestSFMEnumExceptions" name="test_exception_hierarchy" time="0.001" /><testcase classname="tests.test_security_validation.TestSecurityValidationEdgeCases" name="test_unicode_handling" time="0.001" /><testcase classname="tests.test_enum_validation.TestRelationshipValidation" name="test_invalid_employs_relationships" time="0.001" /><testcase classname="tests.test_security_validation.TestSecurityValidationEdgeCases" name="test_whitespace_handling" time="0.002" /><testcase classname="tests.test_api_security.TestAPISecurityIntegration" name="test_health_endpoint_security" time="0.011" /><testcase classname="tests.test_enum_validation.TestRelationshipValidation" name="test_invalid_governs_relationships" time="0.001" /><testcase classname="tests.test_enum_validation.TestRelationshipValidation" name="test_invalid_owns_relationships" time="0.001" /><testcase classname="tests.test_enum_validation.TestRelationshipValidation" name="test_relationship_suggestions_generation" time="0.001" /><testcase classname="tests.test_lookup_performance.TestLookupPerformance" name="test_node_search_by_name" time="0.028" /><testcase classname="tests.test_sfm_api.TestSFMAPIHealth" name="test_health_endpoint" time="0.033" /><testcase classname="tests.test_enum_validation.TestRelationshipValidation" name="test_relationship_validation_with_empty_types" time="0.001" /><testcase classname="tests.test_enum_validation.TestRelationshipValidation" name="test_valid_employs_relationships" time="0.001" /><testcase classname="tests.test_api_security.TestAPIValidationErrorHandling" name="test_invalid_uuid_format_handling" time="0.006" /><testcase classname="tests.test_enum_validation.TestRelationshipValidation" name="test_valid_governs_relationships" time="0.001" /><testcase classname="tests.test_enum_validation.TestRelationshipValidation" name="test_valid_owns_relationships" time="0.001" /><testcase classname="tests.test_enum_validation.TestFlowValidation" name="test_invalid_flow_combinations" time="0.001" /><testcase classname="tests.test_api_security.TestAPIValidationErrorHandling" name="test_not_found_error_handling" time="0.007" /><testcase classname="tests.test_enum_validation.TestFlowValidation" name="test_valid_flow_combinations" time="0.001" /><testcase classname="tests.test_enum_validation.TestInstitutionLayerValidation" name="test_invalid_institution_layer_combinations" time="0.001" /><testcase classname="tests.test_api_security.TestAPIValidationErrorHandling" name="test_validation_error_handling" time="0.010" /><testcase classname="tests.test_enum_validation.TestInstitutionLayerValidation" name="test_valid_institution_layer_combinations" time="0.001" /><testcase classname="tests.test_enum_validation.TestValidationDecorator" name="test_validation_decorator_success" time="0.001" /><testcase classname="tests.test_sfm_api.TestSFMAPIHealth" name="test_root_endpoint" time="0.010" /><testcase classname="tests.test_lookup_performance.TestLookupPerformance" name="test_relationship_lookup" time="0.032" /><testcase classname="tests.test_enum_validation.TestValidationDecorator" name="test_validation_decorator_with_error" time="0.001" /><testcase classname="tests.test_sfm_graph_refactor.TestSFMGraphRefactor" name="test_unsupported_node_type" time="0.001" /><testcase classname="tests.test_enhanced_enum_validation.TestEnhancedFlowValidation" name="test_enhanced_invalid_flow_combinations" time="0.002" /><testcase classname="tests.test_sfm_models.TestEnums" name="test_all_enum_values_unique" time="0.002" /><testcase classname="tests.test_sfm_api.TestSFMAPIStatistics" name="test_analyze_centrality" time="0.010" /><testcase classname="tests.test_enhanced_enum_validation.TestEnhancedFlowValidation" name="test_valid_enhanced_flow_combinations" time="0.002" /><testcase classname="tests.test_sfm_models.TestEnums" name="test_all_new_enum_values_unique" time="0.001" /><testcase classname="tests.test_enhanced_enum_validation.TestPolicyInstrumentValidation" name="test_invalid_policy_instrument_combinations" time="0.001" /><testcase classname="tests.test_enhanced_enum_validation.TestPolicyInstrumentValidation" name="test_policy_instrument_validation_with_invalid_types" time="0.002" /><testcase classname="tests.test_sfm_models.TestEnums" name="test_all_relationship_kinds" time="0.001" /><testcase classname="tests.test_sfm_models.TestEnums" name="test_all_relationship_kinds_comprehensive" time="0.002" /><testcase classname="tests.test_enhanced_enum_validation.TestPolicyInstrumentValidation" name="test_valid_policy_instrument_combinations" time="0.001" /><testcase classname="tests.test_sfm_api.TestSFMAPIStatistics" name="test_analyze_policy_impact" time="0.008" /><testcase classname="tests.test_sfm_models.TestEnums" name="test_all_value_categories" time="0.001" /><testcase classname="tests.test_enhanced_enum_validation.TestValueCategoryValidation" name="test_invalid_value_category_contexts" time="0.004" /><testcase classname="tests.test_sfm_models.TestEnums" name="test_behavior_pattern_type_enum_completeness" time="0.001" /><testcase classname="tests.test_sfm_models.TestEnums" name="test_change_type_enum_completeness" time="0.001" /><testcase classname="tests.test_lookup_performance.TestLookupPerformance" name="test_statistics_calculation" time="0.030" /><testcase classname="tests.test_enhanced_enum_validation.TestValueCategoryValidation" name="test_valid_value_category_contexts" time="0.002" /><testcase classname="tests.test_sfm_models.TestEnums" name="test_enum_comparison_operations" time="0.001" /><testcase classname="tests.test_sfm_api.TestSFMAPIStatistics" name="test_find_shortest_path" time="0.007" /><testcase classname="tests.test_sfm_models.TestEnums" name="test_enum_documentation_completeness" time="0.002" /><testcase classname="tests.test_enhanced_enum_validation.TestCrossEnumDependencyValidation" name="test_cross_enum_validation_with_invalid_types" time="0.001" /><testcase classname="tests.test_enhanced_enum_validation.TestCrossEnumDependencyValidation" name="test_invalid_cross_enum_dependencies" time="0.001" /><testcase classname="tests.test_sfm_models.TestEnums" name="test_enum_error_conditions" time="0.001" /><testcase classname="tests.test_enhanced_enum_validation.TestCrossEnumDependencyValidation" name="test_valid_cross_enum_dependencies" time="0.001" /><testcase classname="tests.test_sfm_api.TestSFMAPIStatistics" name="test_get_statistics" time="0.009" /><testcase classname="tests.test_sfm_models.TestEnums" name="test_enum_iteration" time="0.001" /><testcase classname="tests.test_sfm_models.TestEnums" name="test_enum_membership_testing" time="0.001" /><testcase classname="tests.test_sfm_models.TestEnums" name="test_enum_string_representations" time="0.001" /><testcase classname="tests.test_sfm_models.TestEnums" name="test_feedback_polarity_enum_completeness" time="0.001" /><testcase classname="tests.test_sfm_models.TestEnums" name="test_feedback_type_enum_completeness" time="0.001" /><testcase classname="tests.test_enhanced_enum_validation.TestRequiredEnumContextValidation" name="test_invalid_required_enum_contexts" time="0.005" /><testcase classname="tests.test_enhanced_enum_validation.TestRequiredEnumContextValidation" name="test_required_enum_validation_with_invalid_types" time="0.001" /><testcase classname="tests.test_sfm_api.TestSFMAPIActors" name="test_create_actor_success" time="0.011" /><testcase classname="tests.test_sfm_models.TestEnums" name="test_flow_nature_enum" time="0.001" /><testcase classname="tests.test_sfm_models.TestEnums" name="test_flow_nature_validity" time="0.001" /><testcase classname="tests.test_enhanced_enum_validation.TestRequiredEnumContextValidation" name="test_valid_required_enum_contexts" time="0.001" /><testcase classname="tests.test_sfm_models.TestEnums" name="test_flow_type_enum_completeness" time="0.001" /><testcase classname="tests.test_enhanced_service_features.TestTransactionManagement" name="test_transaction_context_manager" time="0.002" /><testcase classname="tests.test_sfm_models.TestEnums" name="test_institution_layer_completeness" time="0.001" /><testcase classname="tests.test_lookup_performance.TestLookupPerformance" name="test_bulk_node_creation_performance" time="0.084" /><testcase classname="tests.test_sfm_models.TestEnums" name="test_institution_layer_enum" time="0.001" /><testcase classname="tests.test_sfm_api.TestSFMAPIActors" name="test_get_actor_invalid_uuid" time="0.007" /><testcase classname="tests.test_enhanced_service_features.TestTransactionManagement" name="test_transaction_metrics" time="0.008" /><testcase classname="tests.test_sfm_models.TestEnums" name="test_policy_instrument_type_enum_completeness" time="0.001" /><testcase classname="tests.test_sfm_models.TestEnums" name="test_relationship_kind_enum" time="0.002" /><testcase classname="tests.test_sfm_models.TestEnums" name="test_resource_type_enum" time="0.001" /><testcase classname="tests.test_enhanced_service_features.TestTransactionManagement" name="test_transaction_rollback" time="0.006" /><testcase classname="tests.test_sfm_api.TestSFMAPIActors" name="test_get_actor_neighbors" time="0.008" /><testcase classname="tests.test_sfm_models.TestEnums" name="test_resource_type_validity" time="0.001" /><testcase classname="tests.test_sfm_models.TestEnums" name="test_specific_relationship_kinds_exist" time="0.001" /><testcase classname="tests.test_enhanced_service_features.TestAuditLogging" name="test_audit_metrics" time="0.001" /><testcase classname="tests.test_sfm_models.TestEnums" name="test_system_property_type_enum_completeness" time="0.001" /><testcase classname="tests.test_sfm_api.TestSFMAPIActors" name="test_get_actor_not_found" time="0.008" /><testcase classname="tests.test_enhanced_service_features.TestAuditLogging" name="test_audit_user_context" time="0.004" /><testcase classname="tests.test_sfm_models.TestEnums" name="test_temporal_function_type_enum_completeness" time="0.001" /><testcase classname="tests.test_sfm_models.TestEnums" name="test_validation_rule_type_enum_completeness" time="0.001" /><testcase classname="tests.test_enhanced_service_features.TestAuditLogging" name="test_operation_audit_logging" time="0.006" /><testcase classname="tests.test_sfm_api.TestSFMAPIActors" name="test_get_actor_success" time="0.007" /><testcase classname="tests.test_sfm_models.TestEnums" name="test_value_category_completeness" time="0.002" /><testcase classname="tests.test_sfm_models.TestEnums" name="test_value_category_enum" time="0.002" /><testcase classname="tests.test_enhanced_service_features.TestPerformanceMetrics" name="test_comprehensive_status" time="0.004" /><testcase classname="tests.test_sfm_models.TestDimensionalEntities" name="test_scenario" time="0.001" /><testcase classname="tests.test_sfm_dao.TestSpecializedRepositoriesUnit" name="test_resource_repository_specialized_methods" time="0.004" /><testcase classname="tests.test_sfm_models.TestDimensionalEntities" name="test_spatial_unit" time="0.001" /><testcase classname="tests.test_enhanced_service_features.TestPerformanceMetrics" name="test_operation_specific_metrics" time="0.006" /><testcase classname="tests.test_sfm_models.TestDimensionalEntities" name="test_time_slice" time="0.001" /><testcase classname="tests.test_sfm_dao.TestSFMRepositoryFactoryUnit" name="test_create_repository" time="0.002" /><testcase classname="tests.test_sfm_models.TestNodeClasses" name="test_actor_extended_fields" time="0.002" /><testcase classname="tests.test_sfm_models.TestNodeClasses" name="test_actor_init" time="0.001" /><testcase classname="tests.test_enhanced_service_features.TestPerformanceMetrics" name="test_operation_timing" time="0.004" /><testcase classname="tests.test_sfm_dao.TestSFMRepositoryFactoryUnit" name="test_create_specialized_repositories" time="0.003" /><testcase classname="tests.test_sfm_dao.TestSFMRepositoryIntegration" name="test_cross_repo_operations" time="0.001" /><testcase classname="tests.test_enhanced_service_features.TestPerformanceMetrics" name="test_system_resource_metrics" time="0.002" /><testcase classname="tests.test_sfm_models.TestNodeClasses" name="test_behavioral_pattern_init" time="0.001" /><testcase classname="tests.test_sfm_models.TestNodeClasses" name="test_belief_system_init" time="0.001" /><testcase classname="tests.test_sfm_dao.TestSFMRepositoryIntegration" name="test_graph_save_load_basic" time="0.003" /><testcase classname="tests.test_sfm_dao.TestSFMRepositoryIntegration" name="test_type_safety_across_system" time="0.001" /><testcase classname="tests.test_enhanced_service_features.TestEnhancedHealthMonitoring" name="test_enhanced_health_check" time="0.005" /><testcase classname="tests.test_sfm_models.TestNodeClasses" name="test_ceremonial_behavior_init" time="0.001" /><testcase classname="tests.test_enhanced_service_features.TestEnhancedHealthMonitoring" name="test_health_with_error" time="0.003" /><testcase classname="tests.test_sfm_models.TestNodeClasses" name="test_change_process_init" time="0.001" /><testcase classname="tests.test_sfm_dao.TestMultipleStorageTypes" name="test_data_isolation" time="0.003" /><testcase classname="tests.test_sfm_models.TestNodeClasses" name="test_cognitive_framework_init" time="0.002" /><testcase classname="tests.test_enhanced_service_features.TestIntegrationFeatures" name="test_error_handling_integration" time="0.005" /><testcase classname="tests.test_sfm_models.TestNodeClasses" name="test_flow_extended_fields" time="0.001" /><testcase classname="tests.test_sfm_dao.TestNetworkXSFMRepository" name="test_spatial_node_queries" time="0.002" /><testcase classname="tests.test_sfm_models.TestNodeClasses" name="test_flow_init" time="0.001" /><testcase classname="tests.test_enhanced_service_features.TestIntegrationFeatures" name="test_metrics_reset" time="0.004" /><testcase classname="tests.test_lookup_performance.TestLookupPerformance" name="test_graph_traversal_performance" time="0.031" /><testcase classname="tests.test_sfm_models.TestNodeClasses" name="test_governance_structure_init" time="0.002" /><testcase classname="tests.test_sfm_dao.TestNetworkXSFMRepository" name="test_spatial_relationship_queries" time="0.004" /><testcase classname="tests.test_sfm_models.TestNodeClasses" name="test_indicator_init" time="0.001" /><testcase classname="tests.test_sfm_models.TestNodeClasses" name="test_institution_extended_fields" time="0.001" /><testcase classname="tests.test_performance_optimizations.TestPerformanceOptimizations" name="test_cache_invalidation_on_relationship_changes" time="0.028" /><testcase classname="tests.test_sfm_dao.TestNetworkXSFMRepository" name="test_temporal_node_queries" time="0.001" /><testcase classname="tests.test_sfm_dao.TestNetworkXSFMRepository" name="test_temporal_relationship_queries" time="0.002" /><testcase classname="tests.test_sfm_models.TestNodeClasses" name="test_institution_init" time="0.003" /><testcase classname="tests.test_sfm_models.TestNodeClasses" name="test_policy_instrument_init" time="0.001" /><testcase classname="tests.test_sfm_models.TestNodeClasses" name="test_process_init" time="0.001" /><testcase classname="tests.test_sfm_models.TestNodeClasses" name="test_resource_init" time="0.003" /><testcase classname="tests.test_sfm_models.TestNodeClasses" name="test_institution_init_defaults" time="0.001" /><testcase classname="tests.test_sfm_dao.TestTypedRepositories" name="test_indicator_repository_enhancements" time="0.002" /><testcase classname="tests.test_sfm_dao.TestTypedRepositories" name="test_policy_repository_enhancements" time="0.005" /><testcase classname="tests.test_sfm_models.TestNodeClasses" name="test_technology_system_init" time="0.001" /><testcase classname="tests.test_sfm_models.TestNodeClasses" name="test_value_flow_init" time="0.001" /><testcase classname="tests.test_sfm_models.TestNodeClasses" name="test_value_system_init" time="0.001" /><testcase classname="tests.test_sfm_models.TestNodeClasses" name="test_instrumental_behavior_init" time="0.001" /><testcase classname="tests.test_sfm_models.TestNodeClasses" name="test_node_init" time="0.001" /><testcase classname="tests.test_sfm_models.TestNodeClasses" name="test_policy_init" time="0.001" /><testcase classname="tests.test_sfm_models.TestEdgeCases" name="test_empty_and_none_values" time="0.004" /><testcase classname="tests.test_sfm_dao.TestTypedRepositories" name="test_relationship_repository_enhancements" time="0.001" /><testcase classname="tests.test_sfm_dao.TestCompleteRepositoryCoverage" name="test_all_node_types_supported" time="0.003" /><testcase classname="tests.test_sfm_models.TestEdgeCases" name="test_empty_collections" time="0.002" /><testcase classname="tests.test_sfm_models.TestFieldValidation" name="test_collection_field_types" time="0.001" /><testcase classname="tests.test_sfm_models.TestFieldValidation" name="test_complex_field_defaults" time="0.001" /><testcase classname="tests.test_sfm_models.TestFieldValidation" name="test_datetime_field_behavior" time="0.003" /><testcase classname="tests.test_sfm_models.TestEdgeCases" name="test_large_collections" time="0.004" /><testcase classname="tests.test_sfm_dao.TestCompleteRepositoryCoverage" name="test_all_repositories_available" time="0.001" /><testcase classname="tests.test_sfm_dao.TestFactoryMethods" name="test_create_all_repositories" time="0.003" /><testcase classname="tests.test_performance_optimizations.TestPerformanceOptimizations" name="test_cache_size_management" time="0.079" /><testcase classname="tests.test_sfm_models.TestEdgeCases" name="test_large_graph_performance" time="0.012" /><testcase classname="tests.test_sfm_dao.TestFactoryMethods" name="test_individual_repository_creation" time="0.001" /><testcase classname="tests.test_sfm_dao.TestDataConsistency" name="test_cross_repository_consistency" time="0.001" /><testcase classname="tests.test_sfm_models.TestFieldValidation" name="test_default_field_values" time="0.001" /><testcase classname="tests.test_sfm_models.TestFieldValidation" name="test_enum_field_validation" time="0.003" /><testcase classname="tests.test_sfm_models.TestFieldValidation" name="test_frozen_dataclass_immutability" time="0.001" /><testcase classname="tests.test_sfm_models.TestFieldValidation" name="test_indicator_required_fields" time="0.001" /><testcase classname="tests.test_sfm_models.TestFieldValidation" name="test_meta_field_validation" time="0.001" /><testcase classname="tests.test_sfm_models.TestFieldValidation" name="test_node_uuid_generation" time="0.001" /><testcase classname="tests.test_sfm_models.TestFieldValidation" name="test_numeric_field_constraints" time="0.001" /><testcase classname="tests.test_sfm_models.TestEdgeCases" name="test_memory_efficiency_collections" time="0.018" /><testcase classname="tests.test_sfm_dao.TestDataConsistency" name="test_graph_save_load_consistency" time="0.002" /><testcase classname="tests.test_sfm_graph_refactor.TestSFMGraphRefactor" name="test_add_behavioral_nodes" time="0.005" /><testcase classname="tests.test_sfm_models.TestFieldValidation" name="test_optional_field_behavior" time="0.001" /><testcase classname="tests.test_sfm_models.TestFieldValidation" name="test_relationship_field_validation" time="0.001" /><testcase classname="tests.test_sfm_models.TestFieldValidation" name="test_relationship_id_uniqueness" time="0.001" /><testcase classname="tests.test_sfm_models.TestFieldValidation" name="test_string_field_validation" time="0.001" /><testcase classname="tests.test_sfm_graph_refactor.TestSFMGraphRefactor" name="test_add_core_nodes" time="0.004" /><testcase classname="tests.test_sfm_models.TestEdgeCases" name="test_boundary_values" time="0.001" /><testcase classname="tests.test_sfm_models.TestEdgeCases" name="test_circular_relationships" time="0.001" /><testcase classname="tests.test_sfm_graph_refactor.TestSFMGraphRefactor" name="test_add_specialized_nodes" time="0.001" /><testcase classname="tests.test_sfm_graph_refactor.TestSFMGraphRefactor" name="test_clear_functionality" time="0.001" /><testcase classname="tests.test_sfm_models.TestEdgeCases" name="test_self_referencing_relationship" time="0.001" /><testcase classname="tests.test_sfm_graph_refactor.TestSFMGraphRefactor" name="test_inheritance_handling" time="0.001" /><testcase classname="tests.test_sfm_models.TestEdgeCases" name="test_stress_testing_large_relationships" time="0.091" /><testcase classname="tests.test_sfm_graph_refactor.TestSFMGraphRefactor" name="test_iter_functionality" time="0.002" /><testcase classname="tests.test_sfm_graph_refactor.TestSFMGraphRefactor" name="test_len_functionality" time="0.001" /><testcase classname="tests.test_sfm_graph_refactor.TestSFMGraphRefactor" name="test_multiple_nodes_same_type" time="0.001" /><testcase classname="tests.test_sfm_models.TestEdgeCases" name="test_deeply_nested_collections" time="0.001" /><testcase classname="tests.test_sfm_models.TestEnhancedRelationshipFields" name="test_relationship_certainty_field" time="0.001" /><testcase classname="tests.test_sfm_models.TestSFMBusinessLogic" name="test_governance_structure_analysis" time="0.001" /><testcase classname="tests.test_sfm_models.TestEnhancedRelationshipFields" name="test_relationship_data_quality_field" time="0.002" /><testcase classname="tests.test_sfm_models.TestSFMBusinessLogic" name="test_hayden_institutional_layers" time="0.001" /><testcase classname="tests.test_sfm_models.TestEnhancedRelationshipFields" name="test_relationship_previous_version_id_field" time="0.002" /><testcase classname="tests.test_sfm_models.TestSFMBusinessLogic" name="test_integrated_sfm_scenario" time="0.002" /><testcase classname="tests.test_sfm_models.TestEnhancedRelationshipFields" name="test_relationship_temporal_dynamics_field" time="0.001" /><testcase classname="tests.test_sfm_models.TestEnhancedRelationshipFields" name="test_relationship_version_field" time="0.001" /><testcase classname="tests.test_sfm_models.TestSFMBusinessLogic" name="test_policy_instrument_effectiveness" time="0.001" /><testcase classname="tests.test_sfm_models.TestSFMBusinessLogic" name="test_value_flow_tracking" time="0.001" /><testcase classname="tests.test_sfm_models.TestEnhancedSFMGraph" name="test_sfm_graph_model_metadata_field" time="0.001" /><testcase classname="tests.test_sfm_models.TestNewClasses" name="test_model_metadata_creation" time="0.002" /><testcase classname="tests.test_sfm_models.TestEnhancedSFMGraph" name="test_sfm_graph_network_metrics_collection" time="0.002" /><testcase classname="tests.test_sfm_models.TestNewClasses" name="test_model_metadata_required_fields" time="0.001" /><testcase classname="tests.test_performance_optimizations.TestPerformanceOptimizations" name="test_central_index_consistency" time="0.034" /><testcase classname="tests.test_sfm_models.TestEnhancedSFMGraph" name="test_sfm_graph_validation_rules_field" time="0.001" /><testcase classname="tests.test_sfm_models.TestNewClasses" name="test_network_metrics_creation" time="0.001" /><testcase classname="tests.test_sfm_models.TestEnhancedSFMGraph" name="test_sfm_graph_versioning_fields" time="0.001" /><testcase classname="tests.test_sfm_models.TestNewClasses" name="test_network_metrics_required_fields" time="0.002" /><testcase classname="tests.test_sfm_models.TestTemporalDynamicsIntegration" name="test_flow_with_temporal_dynamics" time="0.002" /><testcase classname="tests.test_sfm_models.TestNewClasses" name="test_temporal_dynamics_creation" time="0.001" /><testcase classname="tests.test_sfm_models.TestTemporalDynamicsIntegration" name="test_indicator_with_temporal_dynamics" time="0.001" /><testcase classname="tests.test_sfm_models.TestNewClasses" name="test_temporal_dynamics_required_fields" time="0.002" /><testcase classname="tests.test_sfm_models.TestTemporalDynamicsIntegration" name="test_relationship_with_temporal_dynamics" time="0.002" /><testcase classname="tests.test_sfm_models.TestValidationRulesIntegration" name="test_analytical_context_with_validation_rules" time="0.002" /><testcase classname="tests.test_sfm_models.TestNewClasses" name="test_validation_rule_creation" time="0.001" /><testcase classname="tests.test_sfm_models.TestValidationRulesIntegration" name="test_sfm_graph_with_validation_rules" time="0.001" /><testcase classname="tests.test_sfm_models.TestNewClasses" name="test_validation_rule_required_fields" time="0.002" /><testcase classname="tests.test_sfm_models.TestEnhancedNodeFields" name="test_node_certainty_field" time="0.002" /><testcase classname="tests.test_sfm_models_ext.EnumTestCase" name="test_enum_iteration_consistency" time="0.003" /><testcase classname="tests.test_sfm_models.TestEnhancedNodeFields" name="test_node_certainty_validation" time="0.002" /><testcase classname="tests.test_sfm_models_ext.EnumTestCase" name="test_enum_string_representations" time="0.004" /><testcase classname="tests.test_sfm_models.TestEnhancedNodeFields" name="test_node_data_quality_field" time="0.001" /><testcase classname="tests.test_performance_optimizations.TestPerformanceOptimizations" name="test_lazy_loading_error_handling" time="0.032" /><testcase classname="tests.test_sfm_models_ext.EnumTestCase" name="test_flow_nature_enum_completeness" time="0.001" /><testcase classname="tests.test_sfm_models.TestEnhancedNodeFields" name="test_node_data_quality_string" time="0.002" /><testcase classname="tests.test_sfm_models_ext.EnumTestCase" name="test_institution_layer_enum_hierarchy" time="0.002" /><testcase classname="tests.test_sfm_models.TestEnhancedNodeFields" name="test_node_previous_version_id_field" time="0.001" /><testcase classname="tests.test_sfm_models_ext.EnumTestCase" name="test_relationship_kind_sfm_coverage" time="0.002" /><testcase classname="tests.test_sfm_models.TestEnhancedNodeFields" name="test_node_timestamps" time="0.002" /><testcase classname="tests.test_sfm_models_ext.InstitutionTestCase" name="test_hayden_three_layer_framework" time="0.001" /><testcase classname="tests.test_sfm_models_ext.InstitutionTestCase" name="test_institution_change_resistance" time="0.001" /><testcase classname="tests.test_sfm_models.TestEnhancedNodeFields" name="test_node_version_field" time="0.001" /><testcase classname="tests.test_sfm_models.TestEdgeCases" name="test_unicode_and_special_characters" time="0.001" /><testcase classname="tests.test_sfm_models_ext.InstitutionTestCase" name="test_institution_enforcement_mechanisms" time="0.001" /><testcase classname="tests.test_sfm_models_ext.InstitutionTestCase" name="test_institution_inheritance" time="0.001" /><testcase classname="tests.test_sfm_models_ext.InstitutionTestCase" name="test_institution_legitimacy_basis" time="0.001" /><testcase classname="tests.test_sfm_models.TestSFMGraphOperations" name="test_add_node" time="0.002" /><testcase classname="tests.test_sfm_models.TestSFMGraphOperations" name="test_add_relationship" time="0.001" /><testcase classname="tests.test_performance_optimizations.TestPerformanceOptimizations" name="test_lazy_loading_functionality" time="0.034" /><testcase classname="tests.test_sfm_models_ext.RelationshipTestCase" name="test_relationship_metadata_extensibility" time="0.001" /><testcase classname="tests.test_sfm_models_ext.RelationshipTestCase" name="test_relationship_uuid_generation" time="0.003" /><testcase classname="tests.test_sfm_models_ext.RelationshipTestCase" name="test_relationship_weight_and_certainty" time="0.001" /><testcase classname="tests.test_sfm_models_ext.InstitutionTestCase" name="test_institution_path_dependencies" time="0.003" /><testcase classname="tests.test_sfm_models_ext.PolicyTestCase" name="test_policy_authority_specification" time="0.001" /><testcase classname="tests.test_sfm_models_ext.PolicyTestCase" name="test_policy_enforcement_strength" time="0.001" /><testcase classname="tests.test_sfm_models.TestSFMGraphOperations" name="test_graph_bulk_operations" time="0.002" /><testcase classname="tests.test_sfm_models.TestSFMGraphOperations" name="test_graph_find_operations" time="0.001" /><testcase classname="tests.test_sfm_models.TestSFMGraphOperations" name="test_graph_node_type_distribution" time="0.002" /><testcase classname="tests.test_sfm_models.TestSFMGraphOperations" name="test_graph_relationship_patterns" time="0.001" /><testcase classname="tests.test_sfm_models.TestSFMGraphOperations" name="test_graph_serialization_preparation" time="0.006" /><testcase classname="tests.test_sfm_models_ext.PolicyTestCase" name="test_policy_inheritance_from_institution" time="0.001" /><testcase classname="tests.test_sfm_models_ext.SFMGraphTestCase" name="test_graph_add_node_type_routing" time="0.001" /><testcase classname="tests.test_sfm_models_ext.SFMGraphTestCase" name="test_graph_clear_functionality" time="0.001" /><testcase classname="tests.test_sfm_models_ext.SFMGraphTestCase" name="test_graph_inheritance_handling" time="0.001" /><testcase classname="tests.test_sfm_models.TestSFMGraphOperations" name="test_graph_statistics" time="0.001" /><testcase classname="tests.test_sfm_models.TestSFMGraphOperations" name="test_graph_validation_rules" time="0.001" /><testcase classname="tests.test_sfm_models_ext.PolicyTestCase" name="test_policy_target_sectors" time="0.001" /><testcase classname="tests.test_sfm_models_ext.FlowTestCase" name="test_flow_hayden_value_components" time="0.001" /><testcase classname="tests.test_sfm_models_ext.FlowTestCase" name="test_flow_inheritance" time="0.001" /><testcase classname="tests.test_sfm_models_ext.FlowTestCase" name="test_flow_nature_classification" time="0.001" /><testcase classname="tests.test_sfm_models.TestSFMGraphOperations" name="test_inheritance_handling_in_add_node" time="0.001" /><testcase classname="tests.test_sfm_models.TestSFMBusinessLogic" name="test_behavioral_pattern_analysis" time="0.001" /><testcase classname="tests.test_sfm_models_ext.SFMGraphTestCase" name="test_graph_initialization" time="0.001" /><testcase classname="tests.test_sfm_models_ext.SFMGraphTestCase" name="test_graph_iteration_protocol" time="0.001" /><testcase classname="tests.test_sfm_models_ext.SFMGraphTestCase" name="test_graph_length_calculation" time="0.005" /><testcase classname="tests.test_performance_optimizations.TestPerformanceOptimizations" name="test_node_lookup_performance_improvement" time="0.024" /><testcase classname="tests.test_sfm_models.TestSFMBusinessLogic" name="test_ceremonial_vs_instrumental_dichotomy" time="0.001" /><testcase classname="tests.test_sfm_models.TestSFMBusinessLogic" name="test_change_process_modeling" time="0.001" /><testcase classname="tests.test_sfm_models.TestSFMBusinessLogic" name="test_cognitive_framework_influence" time="0.001" /><testcase classname="tests.test_sfm_models_ext.EnumTestCase" name="test_resource_type_enum_coverage" time="0.001" /><testcase classname="tests.test_sfm_models_ext.EnumTestCase" name="test_value_category_enum_completeness" time="0.001" /><testcase classname="tests.test_sfm_models_ext.DimensionalEntitiesTestCase" name="test_scenario_immutability" time="0.001" /><testcase classname="tests.test_sfm_models_ext.DimensionalEntitiesTestCase" name="test_scenario_policy_variants" time="0.001" /><testcase classname="tests.test_sfm_models_ext.DimensionalEntitiesTestCase" name="test_spatial_unit_hierarchical_coding" time="0.001" /><testcase classname="tests.test_performance_optimizations.TestPerformanceOptimizations" name="test_relationship_caching_performance" time="0.021" /><testcase classname="tests.test_sfm_models_ext.DimensionalEntitiesTestCase" name="test_spatial_unit_immutability" time="0.001" /><testcase classname="tests.test_sfm_models_ext.DimensionalEntitiesTestCase" name="test_time_slice_immutability" time="0.001" /><testcase classname="tests.test_sfm_models_ext.DimensionalEntitiesTestCase" name="test_time_slice_label_formats" time="0.001" /><testcase classname="tests.test_sfm_models_ext.CoreNodeTestCase" name="test_node_iterator_protocol" time="0.001" /><testcase classname="tests.test_sfm_models_ext.CoreNodeTestCase" name="test_node_metadata_flexibility" time="0.001" /><testcase classname="tests.test_sfm_models_ext.CoreNodeTestCase" name="test_node_metadata_mutability" time="0.001" /><testcase classname="tests.test_sfm_models_ext.CoreNodeTestCase" name="test_node_uuid_generation" time="0.001" /><testcase classname="tests.test_sfm_models_ext.ActorTestCase" name="test_actor_cognitive_behavioral_links" time="0.001" /><testcase classname="tests.test_sfm_models_ext.ActorTestCase" name="test_actor_decision_making_capacity" time="0.001" /><testcase classname="tests.test_sfm_models_ext.ActorTestCase" name="test_actor_default_values" time="0.001" /><testcase classname="tests.test_sfm_models_ext.ActorTestCase" name="test_actor_inheritance" time="0.001" /><testcase classname="tests.test_sfm_models_ext.ActorTestCase" name="test_actor_institutional_affiliations" time="0.001" /><testcase classname="tests.test_sfm_models_ext.SFMGraphTestCase" name="test_graph_relationship_management" time="0.001" /><testcase classname="tests.test_sfm_models_ext.SFMBusinessLogicTestCase" name="test_ceremonial_instrumental_dichotomy" time="0.001" /><testcase classname="tests.test_sfm_models_ext.SFMBusinessLogicTestCase" name="test_governance_structure_power_analysis" time="0.001" /><testcase classname="tests.test_sfm_models_ext.SFMBusinessLogicTestCase" name="test_hayden_institutional_layers_integration" time="0.001" /><testcase classname="tests.test_sfm_models_ext.SFMBusinessLogicTestCase" name="test_integrated_sfm_scenario_modeling" time="0.001" /><testcase classname="tests.test_sfm_models_ext.SFMBusinessLogicTestCase" name="test_policy_instrument_effectiveness_framework" time="0.001" /><testcase classname="tests.test_sfm_models_ext.FlowTestCase" name="test_flow_transformation_coefficients" time="0.001" /><testcase classname="tests.test_sfm_models_ext.FlowTestCase" name="test_flow_type_categories" time="0.001" /><testcase classname="tests.test_sfm_models_ext.RelationshipTestCase" name="test_relationship_dimensional_context" time="0.001" /><testcase classname="tests.test_sfm_models_ext.RelationshipTestCase" name="test_relationship_kind_semantics" time="0.001" /><testcase classname="tests.test_security_enhancements.TestSecurityEnhancements" name="test_advanced_html_sanitization" time="0.002" /><testcase classname="tests.test_sfm_models_ext.PerformanceTestCase" name="test_large_graph_performance" time="0.007" /><testcase classname="tests.test_security_enhancements.TestSecurityEnhancements" name="test_enhanced_error_logging" time="0.007" /><testcase classname="tests.test_sfm_models_ext.PerformanceTestCase" name="test_memory_efficiency" time="0.038" /><testcase classname="tests.test_sfm_models_ext.SFMBusinessLogicTestCase" name="test_value_flow_distributional_analysis" time="0.001" /><testcase classname="tests.test_sfm_query.TestSFMQueryEngineAbstract" name="test_abstract_methods_exist" time="0.001" /><testcase classname="tests.test_security_enhancements.TestSecurityEnhancements" name="test_metadata_validation_with_dangerous_content" time="0.002" /><testcase classname="tests.test_security_enhancements.TestSecurityEnhancements" name="test_multiple_caller_contexts" time="0.008" /><testcase classname="tests.test_sfm_query.TestDataClasses" name="test_flow_analysis_creation" time="0.001" /><testcase classname="tests.test_sfm_query.TestDataClasses" name="test_node_metrics_creation" time="0.001" /><testcase classname="tests.test_sfm_query.TestDataClasses" name="test_query_result_creation" time="0.001" /><testcase classname="tests.test_sfm_query.TestNetworkXSFMQueryEngineUnit" name="test_analyze_flow_patterns" time="0.002" /><testcase classname="tests.test_security_enhancements.TestSecurityEnhancements" name="test_node_label_validation_with_logging" time="0.002" /><testcase classname="tests.test_sfm_models_ext.ActorTestCase" name="test_actor_power_resources_modeling" time="0.001" /><testcase classname="tests.test_sfm_query.TestNetworkXSFMQueryEngineUnit" name="test_calculate_flow_efficiency_no_path" time="0.003" /><testcase classname="tests.test_sfm_query.TestNetworkXSFMQueryEngineUnit" name="test_analyze_policy_impact" time="0.011" /><testcase classname="tests.test_security_enhancements.TestSecurityEnhancements" name="test_rate_limiting_disabled" time="0.022" /><testcase classname="tests.test_sfm_query.TestNetworkXSFMQueryEngineUnit" name="test_calculate_flow_efficiency_zero_division" time="0.003" /><testcase classname="tests.test_sfm_query.TestNetworkXSFMQueryEngineUnit" name="test_compare_policy_scenarios" time="0.010" /><testcase classname="tests.test_sfm_query.TestNetworkXSFMQueryEngineUnit" name="test_analyze_policy_impact_detailed" time="0.007" /><testcase classname="tests.test_sfm_query.TestNetworkXSFMQueryEngineUnit" name="test_analyze_policy_impact_network_error" time="0.002" /><testcase classname="tests.test_sfm_query.TestNetworkXSFMQueryEngineUnit" name="test_comprehensive_node_analysis" time="0.003" /><testcase classname="tests.test_sfm_models_ext.PerformanceTestCase" name="test_relationship_network_performance" time="0.012" /><testcase classname="tests.test_security_enhancements.TestSecurityEnhancements" name="test_rate_limiting_exceeded" time="0.017" /><testcase classname="tests.test_sfm_query.TestNetworkXSFMQueryEngineUnit" name="test_analyze_temporal_changes" time="0.003" /><testcase classname="tests.test_sfm_query.TestNetworkXSFMQueryEngineUnit" name="test_detect_structural_changes" time="0.004" /><testcase classname="tests.test_sfm_query.TestNetworkXSFMQueryEngineUnit" name="test_analyze_temporal_changes_insufficient_data" time="0.002" /><testcase classname="tests.test_sfm_query.TestNetworkXSFMQueryEngineUnit" name="test_find_cycles" time="0.009" /><testcase classname="tests.test_sfm_query.TestNetworkXSFMQueryEngineUnit" name="test_assess_network_vulnerabilities" time="0.008" /><testcase classname="tests.test_sfm_persistence.TestSFMPersistence" name="test_backup_and_restore" time="0.013" /><testcase classname="tests.test_sfm_query.TestNetworkXSFMQueryEngineUnit" name="test_build_networkx_graph" time="0.003" /><testcase classname="tests.test_sfm_query.TestNetworkXSFMQueryEngineUnit" name="test_find_cycles_network_error" time="0.003" /><testcase classname="tests.test_sfm_api.TestSFMAPIInstitutions" name="test_create_institution_success" time="0.028" /><testcase classname="tests.test_sfm_query.TestNetworkXSFMQueryEngineUnit" name="test_find_shortest_path" time="0.002" /><testcase classname="tests.test_sfm_query.TestNetworkXSFMQueryEngineUnit" name="test_calculate_flow_efficiency" time="0.002" /><testcase classname="tests.test_sfm_query.TestNetworkXSFMQueryEngineUnit" name="test_calculate_flow_efficiency_network_error" time="0.003" /><testcase classname="tests.test_sfm_persistence.TestSFMPersistence" name="test_convenience_functions" time="0.009" /><testcase classname="tests.test_sfm_query.TestNetworkXSFMQueryEngineUnit" name="test_find_shortest_path_no_path" time="0.004" /><testcase classname="tests.test_sfm_query.TestNetworkXSFMQueryEngineUnit" name="test_get_most_central_nodes_degree" time="0.002" /><testcase classname="tests.test_sfm_query.TestNetworkXSFMQueryEngineUnit" name="test_find_shortest_path_with_relationship_filter" time="0.003" /><testcase classname="tests.test_sfm_query.TestNetworkXSFMQueryEngineUnit" name="test_get_most_central_nodes_eigenvector_fallback" time="0.003" /><testcase classname="tests.test_sfm_persistence.TestSFMPersistence" name="test_delete_graph" time="0.007" /><testcase classname="tests.test_sfm_query.TestNetworkXSFMQueryEngineUnit" name="test_find_shortest_path_with_relationship_filter_no_path" time="0.003" /><testcase classname="tests.test_sfm_query.TestNetworkXSFMQueryEngineUnit" name="test_get_most_central_nodes_invalid_type" time="0.002" /><testcase classname="tests.test_sfm_query.TestNetworkXSFMQueryEngineUnit" name="test_get_most_central_nodes" time="0.003" /><testcase classname="tests.test_sfm_api.TestSFMAPIInstitutions" name="test_get_institution_success" time="0.006" /><testcase classname="tests.test_sfm_query.TestNetworkXSFMQueryEngineUnit" name="test_get_most_central_nodes_closeness" time="0.005" /><testcase classname="tests.test_sfm_persistence.TestSFMPersistence" name="test_different_formats" time="0.016" /><testcase classname="tests.test_sfm_query.TestNetworkXSFMQueryEngineUnit" name="test_get_network_density" time="0.003" /><testcase classname="tests.test_sfm_query.TestNetworkXSFMQueryEngineUnit" name="test_get_node_centrality_betweenness" time="0.003" /><testcase classname="tests.test_sfm_api.TestSFMAPIErrorHandling" name="test_not_found_error_handling" time="0.007" /><testcase classname="tests.test_sfm_query.TestNetworkXSFMQueryEngineUnit" name="test_get_node_neighbors_multihop_network_error" time="0.002" /><testcase classname="tests.test_sfm_query.TestNetworkXSFMQueryEngineUnit" name="test_get_node_centrality_closeness" time="0.003" /><testcase classname="tests.test_sfm_query.TestNetworkXSFMQueryEngineUnit" name="test_get_node_neighbors_multihop_with_filter" time="0.002" /><testcase classname="tests.test_sfm_query.TestNetworkXSFMQueryEngineUnit" name="test_get_node_centrality_degree" time="0.002" /><testcase classname="tests.test_sfm_api.TestSFMAPIErrorHandling" name="test_service_error_handling" time="0.007" /><testcase classname="tests.test_sfm_persistence.TestSFMPersistence" name="test_error_handling" time="0.003" /><testcase classname="tests.test_sfm_query.TestNetworkXSFMQueryEngineUnit" name="test_get_node_neighbors_negative_distance" time="0.004" /><testcase classname="tests.test_sfm_query.TestNetworkXSFMQueryEngineUnit" name="test_get_node_centrality_eigenvector_fallback" time="0.002" /><testcase classname="tests.test_sfm_query.TestNetworkXSFMQueryEngineUnit" name="test_get_node_neighbors_with_relationship_filter" time="0.002" /><testcase classname="tests.test_sfm_query.TestNetworkXSFMQueryEngineUnit" name="test_get_node_centrality_eigenvector_success" time="0.003" /><testcase classname="tests.test_sfm_api.TestSFMAPIErrorHandling" name="test_validation_error_handling" time="0.007" /><testcase classname="tests.test_sfm_query.TestNetworkXSFMQueryEngineUnit" name="test_get_node_centrality_invalid_type" time="0.004" /><testcase classname="tests.test_sfm_persistence.TestSFMPersistence" name="test_list_graphs" time="0.021" /><testcase classname="tests.test_sfm_query.TestNetworkXSFMQueryEngineUnit" name="test_get_relationship_strength" time="0.003" /><testcase classname="tests.test_sfm_query.TestNetworkXSFMQueryEngineUnit" name="test_get_structural_holes" time="0.002" /><testcase classname="tests.test_sfm_query.TestNetworkXSFMQueryEngineUnit" name="test_get_node_neighbors_direct" time="0.002" /><testcase classname="tests.test_sfm_api.TestSFMAPIMetadata" name="test_get_api_info" time="0.005" /><testcase classname="tests.test_sfm_query.TestNetworkXSFMQueryEngineUnit" name="test_get_node_neighbors_multihop" time="0.003" /><testcase classname="tests.test_sfm_query.TestNetworkXSFMQueryEngineUnit" name="test_identify_bottlenecks" time="0.002" /><testcase classname="tests.test_sfm_api.TestSFMAPIMetadata" name="test_get_entity_types" time="0.004" /><testcase classname="tests.test_sfm_query.TestNetworkXSFMQueryEngineUnit" name="test_identify_communities" time="0.024" /><testcase classname="tests.test_sfm_query.TestNetworkXSFMQueryEngineUnit" name="test_simulate_node_failure_impact" time="0.004" /><testcase classname="tests.test_sfm_persistence.TestSFMPersistence" name="test_metadata_handling" time="0.007" /><testcase classname="tests.test_sfm_api.TestSFMAPIIntegration" name="test_end_to_end_actor_lifecycle" time="0.014" /><testcase classname="tests.test_sfm_query.TestNetworkXSFMQueryEngineUnit" name="test_system_vulnerability_analysis" time="0.008" /><testcase classname="tests.test_sfm_persistence.TestSFMPersistence" name="test_save_and_load_basic" time="0.010" /><testcase classname="tests.test_sfm_query.TestNetworkXSFMQueryEngineUnit" name="test_trace_resource_flows" time="0.002" /><testcase classname="tests.test_sfm_query.TestNetworkXSFMQueryEngineUnit" name="test_trace_resource_flows_with_relationships" time="0.003" /><testcase classname="tests.test_sfm_api.TestSFMAPIIntegration" name="test_health_check_with_real_service" time="0.010" /><testcase classname="tests.test_sfm_query.TestNetworkXSFMQueryEngineUnit" name="test_identify_flow_inefficiencies" time="0.008" /><testcase classname="tests.test_sfm_query.TestNetworkXSFMQueryEngineUnit" name="test_trace_resource_flows_with_valid_flow_relationships" time="0.002" /><testcase classname="tests.test_sfm_persistence.TestSFMPersistence" name="test_serialization_roundtrip" time="0.008" /><testcase classname="tests.test_sfm_query.TestSFMQueryFactory" name="test_create_networkx_query_engine" time="0.001" /><testcase classname="tests.test_sfm_query.TestSFMQueryFactory" name="test_create_query_engine_case_insensitive" time="0.001" /><testcase classname="tests.test_sfm_query.TestNetworkXSFMQueryEngineUnit" name="test_identify_policy_targets" time="0.003" /><testcase classname="tests.test_sfm_dao.TestNetworkXSFMRepositoryUnit" name="test_clear" time="0.001" /><testcase classname="tests.test_sfm_dao.TestNetworkXSFMRepositoryUnit" name="test_create_node" time="0.002" /><testcase classname="tests.test_sfm_persistence.TestSFMPersistence" name="test_storage_statistics" time="0.022" /><testcase classname="tests.test_sfm_query.TestSFMQueryFactory" name="test_create_query_engine_unsupported_backend" time="0.002" /><testcase classname="tests.test_sfm_query.TestNetworkXSFMQueryEngineIntegration" name="test_comprehensive_analysis_integration" time="0.008" /><testcase classname="tests.test_sfm_query.TestNetworkXSFMQueryEngineUnit" name="test_initialization" time="0.003" /><testcase classname="tests.test_sfm_dao.TestNetworkXSFMRepositoryUnit" name="test_create_relationship" time="0.002" /><testcase classname="tests.test_sfm_query.TestPerformance" name="test_centrality_performance" time="0.358" /><testcase classname="tests.test_sfm_dao.TestNetworkXSFMRepositoryUnit" name="test_delete_node" time="0.001" /><testcase classname="tests.test_sfm_query.TestNetworkXSFMQueryEngineIntegration" name="test_neighbor_finding_integration" time="0.003" /><testcase classname="tests.test_sfm_dao.TestNetworkXSFMRepositoryUnit" name="test_delete_relationship" time="0.001" /><testcase classname="tests.test_sfm_dao.TestNetworkXSFMRepositoryUnit" name="test_find_relationships" time="0.002" /><testcase classname="tests.test_sfm_query.TestNetworkXSFMQueryEngineIntegration" name="test_real_centrality_calculations" time="0.003" /><testcase classname="tests.test_sfm_dao.TestNetworkXSFMRepositoryUnit" name="test_list_nodes" time="0.002" /><testcase classname="tests.test_sfm_persistence.TestSFMPersistence" name="test_versioning" time="0.023" /><testcase classname="tests.test_sfm_query_ext.TestNetworkXSFMQueryEngineUnit" name="test_centrality_calculation_methods" time="0.006" /><testcase classname="tests.test_sfm_dao.TestNetworkXSFMRepositoryUnit" name="test_list_relationships" time="0.001" /><testcase classname="tests.test_sfm_dao.TestNetworkXSFMRepositoryUnit" name="test_read_node" time="0.001" /><testcase classname="tests.test_sfm_query_ext.TestNetworkXSFMQueryEngineUnit" name="test_centrality_invalid_type_error_handling" time="0.002" /><testcase classname="tests.test_sfm_dao.TestNetworkXSFMRepositoryUnit" name="test_read_relationship" time="0.001" /><testcase classname="tests.test_sfm_dao.TestNetworkXSFMRepositoryUnit" name="test_update_node" time="0.002" /><testcase classname="tests.test_sfm_query_ext.TestNetworkXSFMQueryEngineUnit" name="test_comprehensive_node_analysis_integration" time="0.006" /><testcase classname="tests.test_sfm_dao.TestNetworkXSFMRepositoryUnit" name="test_update_relationship" time="0.001" /><testcase classname="tests.test_sfm_dao.TestTypedSFMRepositoryUnit" name="test_create" time="0.001" /><testcase classname="tests.test_sfm_query_ext.TestNetworkXSFMQueryEngineUnit" name="test_cycle_detection_and_feedback_loops" time="0.004" /><testcase classname="tests.test_sfm_dao.TestTypedSFMRepositoryUnit" name="test_delete" time="0.002" /><testcase classname="tests.test_sfm_query.TestSFMQueryEngineAbstract" name="test_abstract_class_cannot_be_instantiated" time="0.002" /><testcase classname="tests.test_sfm_query_ext.TestNetworkXSFMQueryEngineUnit" name="test_initialization_and_graph_conversion" time="0.002" /><testcase classname="tests.test_sfm_dao.TestTypedSFMRepositoryUnit" name="test_list_all" time="0.001" /><testcase classname="tests.test_sfm_query.TestNetworkXSFMQueryEngineIntegration" name="test_real_network_metrics" time="0.005" /><testcase classname="tests.test_sfm_dao.TestTypedSFMRepositoryUnit" name="test_query" time="0.001" /><testcase classname="tests.test_sfm_query_ext.TestNetworkXSFMQueryEngineUnit" name="test_most_central_nodes_filtering_and_ranking" time="0.004" /><testcase classname="tests.test_sfm_query_ext.TestNetworkXSFMQueryEngineUnit" name="test_neighbor_discovery_with_filtering" time="0.002" /><testcase classname="tests.test_sfm_dao.TestTypedSFMRepositoryUnit" name="test_read" time="0.001" /><testcase classname="tests.test_sfm_dao.TestTypedSFMRepositoryUnit" name="test_update" time="0.002" /><testcase classname="tests.test_sfm_query_ext.TestNetworkXSFMQueryEngineUnit" name="test_network_density_calculation" time="0.002" /><testcase classname="tests.test_sfm_dao.TestSpecializedRepositoriesUnit" name="test_actor_repository_specialized_methods" time="0.002" /><testcase classname="tests.test_sfm_query.TestNetworkXSFMQueryEngineIntegration" name="test_real_policy_impact_analysis" time="0.005" /><testcase classname="tests.test_sfm_query.TestNetworkXSFMQueryEngineIntegration" name="test_real_shortest_path_finding" time="0.004" /><testcase classname="tests.test_sfm_query_ext.TestNetworkXSFMQueryEngineUnit" name="test_policy_impact_analysis_comprehensive" time="0.003" /><testcase classname="tests.test_sfm_dao.TestSpecializedRepositoriesUnit" name="test_policy_repository_specialized_methods" time="0.001" /><testcase classname="tests.test_sfm_query_ext.TestNetworkXSFMQueryEngineUnit" name="test_policy_target_identification" time="0.003" /><testcase classname="tests.test_sfm_dao.TestSpecializedRepositoriesUnit" name="test_relationship_repository_methods" time="0.002" /><testcase classname="tests.test_sfm_query.TestEdgeCases" name="test_disconnected_graph_components" time="0.003" /><testcase classname="tests.test_sfm_query_ext.TestNetworkXSFMQueryEngineUnit" name="test_relationship_strength_calculation" time="0.003" /><testcase classname="tests.test_sfm_query_ext.TestSFMQueryFactory" name="test_create_networkx_query_engine" time="0.002" /><testcase classname="tests.test_sfm_query.TestEdgeCases" name="test_edge_cases_with_none_weight_relationships" time="0.003" /><testcase classname="tests.test_sfm_query_ext.TestNetworkXSFMQueryEngineUnit" name="test_resource_flow_tracing_and_analysis" time="0.002" /><testcase classname="tests.test_sfm_query.TestEdgeCases" name="test_empty_graph_handling" time="0.001" /><testcase classname="tests.test_sfm_query_ext.TestSFMQueryFactory" name="test_factory_case_insensitive" time="0.002" /><testcase classname="tests.test_sfm_query_ext.TestSFMQueryFactory" name="test_factory_with_none_backend" time="0.001" /><testcase classname="tests.test_sfm_query_ext.TestNetworkXSFMQueryEngineUnit" name="test_shortest_path_finding_algorithms" time="0.003" /><testcase classname="tests.test_sfm_query_ext.TestSFMQueryFactory" name="test_unsupported_backend_error" time="0.002" /><testcase classname="tests.test_sfm_query_ext.TestSFMQueryEngineIntegration" name="test_end_to_end_policy_analysis_workflow" time="0.011" /><testcase classname="tests.test_sfm_query.TestEdgeCases" name="test_invalid_parameters" time="0.005" /><testcase classname="tests.test_sfm_query_ext.TestEdgeCasesAndErrorHandling" name="test_empty_graph_handling" time="0.002" /><testcase classname="tests.test_sfm_query.TestEdgeCases" name="test_large_distance_neighbors" time="0.001" /><testcase classname="tests.test_sfm_query.TestEdgeCases" name="test_nonexistent_node_queries" time="0.001" /><testcase classname="tests.test_sfm_query_ext.TestEdgeCasesAndErrorHandling" name="test_invalid_parameter_handling" time="0.003" /><testcase classname="tests.test_sfm_query_ext.TestSFMQueryEngineIntegration" name="test_resource_flow_analysis_workflow" time="0.003" /><testcase classname="tests.test_sfm_query.TestEdgeCases" name="test_single_node_graph" time="0.002" /><testcase classname="tests.test_sfm_query_ext.TestEdgeCasesAndErrorHandling" name="test_nonexistent_node_handling" time="0.002" /><testcase classname="tests.test_sfm_query_ext.TestSFMQueryEngineIntegration" name="test_scenario_comparison_analysis" time="0.012" /><testcase classname="tests.test_sfm_query_ext.TestPerformanceAndScalability" name="test_centrality_calculation_performance" time="0.019" /><testcase classname="tests.test_sfm_query_ext.TestEdgeCasesAndErrorHandling" name="test_single_node_graph_operations" time="0.001" /><testcase classname="tests.test_sfm_service.TestSFMServiceConfig" name="test_custom_config" time="0.001" /><testcase classname="tests.test_sfm_service.TestSFMServiceConfig" name="test_default_config" time="0.001" /><testcase classname="tests.test_sfm_service.TestSFMServiceErrors" name="test_not_found_error" time="0.001" /><testcase classname="tests.test_sfm_query_ext.TestSFMQueryEngineIntegration" name="test_structural_analysis_workflow" time="0.013" /><testcase classname="tests.test_sfm_service.TestSFMServiceErrors" name="test_sfm_service_error" time="0.002" /><testcase classname="tests.test_sfm_service.TestSFMServiceErrors" name="test_validation_error" time="0.001" /><testcase classname="tests.test_sfm_query_ext.TestPerformanceAndScalability" name="test_comprehensive_analysis_performance" time="0.016" /><testcase classname="tests.test_sfm_service.TestServiceHealth" name="test_service_health_creation" time="0.002" /><testcase classname="tests.test_sfm_service.TestServiceHealth" name="test_service_status_enum" time="0.001" /><testcase classname="tests.test_sfm_service.TestSFMServiceUnit" name="test_connect_convenience_method" time="0.002" /><testcase classname="tests.test_sfm_service.TestDataTransferObjects" name="test_create_policy_request" time="0.001" /><testcase classname="tests.test_sfm_service.TestDataTransferObjects" name="test_create_relationship_request" time="0.001" /><testcase classname="tests.test_sfm_service.TestSFMServiceUnit" name="test_convert_to_relationship_kind_invalid" time="0.001" /><testcase classname="tests.test_sfm_service.TestSFMServiceUnit" name="test_convert_to_relationship_kind_valid" time="0.002" /><testcase classname="tests.test_sfm_service.TestDataTransferObjects" name="test_create_resource_request" time="0.001" /><testcase classname="tests.test_sfm_query_ext.TestPerformanceAndScalability" name="test_memory_usage_efficiency" time="0.143" /><testcase classname="tests.test_sfm_service.TestDataTransferObjects" name="test_graph_statistics" time="0.002" /><testcase classname="tests.test_sfm_service.TestSFMServiceUnit" name="test_convert_to_resource_type_invalid" time="0.002" /><testcase classname="tests.test_sfm_service.TestDataTransferObjects" name="test_node_response" time="0.001" /><testcase classname="tests.test_sfm_service.TestSFMServiceUnit" name="test_convert_to_resource_type_valid" time="0.002" /><testcase classname="tests.test_sfm_service.TestDataTransferObjects" name="test_policy_impact_analysis" time="0.001" /><testcase classname="tests.test_sfm_service.TestSFMServiceUnit" name="test_create_actor_repository_error" time="0.003" /><testcase classname="tests.test_sfm_service.TestDataTransferObjects" name="test_relationship_response" time="0.001" /><testcase classname="tests.test_sfm_service.TestSFMServiceUnit" name="test_create_relationship_invalid_uuid" time="0.002" /><testcase classname="tests.test_sfm_service.TestSFMServiceUnit" name="test_create_actor_validation_error" time="0.003" /><testcase classname="tests.test_sfm_service.TestSFMServiceUnit" name="test_create_relationship_success" time="0.002" /><testcase classname="tests.test_sfm_service.TestSFMServiceUnit" name="test_create_actor_with_dict" time="0.004" /><testcase classname="tests.test_sfm_service.TestSFMServiceUnit" name="test_create_resource_success" time="0.004" /><testcase classname="tests.test_sfm_service.TestSFMServiceUnit" name="test_create_actor_with_request_object" time="0.006" /><testcase classname="tests.test_sfm_service.TestSFMServiceUnit" name="test_get_entity_not_found" time="0.002" /><testcase classname="tests.test_sfm_service.TestSFMServiceUnit" name="test_get_entity_success" time="0.001" /><testcase classname="tests.test_sfm_service.TestSFMServiceUnit" name="test_get_entity_unsupported_type" time="0.001" /><testcase classname="tests.test_sfm_service.TestSFMServiceUnit" name="test_create_institution_success" time="0.003" /><testcase classname="tests.test_sfm_service.TestSFMServiceUnit" name="test_get_health_error" time="0.002" /><testcase classname="tests.test_sfm_service.TestSFMServiceUnit" name="test_create_policy_success" time="0.003" /><testcase classname="tests.test_sfm_service.TestSFMServiceUnit" name="test_get_health_success" time="0.003" /><testcase classname="tests.test_sfm_service.TestSFMServiceUnit" name="test_relationship_to_response_conversion" time="0.002" /><testcase classname="tests.test_sfm_service.TestSFMServiceUnit" name="test_mark_dirty" time="0.001" /><testcase classname="tests.test_sfm_service.TestSFMServiceUnit" name="test_service_initialization" time="0.002" /><testcase classname="tests.test_sfm_service.TestSFMServiceUnit" name="test_node_to_response_conversion" time="0.002" /><testcase classname="tests.test_sfm_service.TestSFMServiceIntegration" name="test_bulk_operations_integration" time="0.015" /><testcase classname="tests.test_sfm_service.TestSFMServiceIntegration" name="test_end_to_end_actor_creation_and_retrieval" time="0.007" /><testcase classname="tests.test_sfm_service.TestSFMServiceIntegration" name="test_end_to_end_relationship_creation" time="0.008" /><testcase classname="tests.test_sfm_service.TestSFMServiceIntegration" name="test_centrality_analysis_integration" time="0.010" /><testcase classname="tests.test_sfm_service.TestSFMServiceIntegration" name="test_get_node_neighbors_integration" time="0.011" /><testcase classname="tests.test_sfm_service.TestSFMServiceIntegration" name="test_clear_all_data_integration" time="0.008" /><testcase classname="tests.test_sfm_service.TestSFMServiceIntegration" name="test_graph_statistics_after_operations" time="0.007" /><testcase classname="tests.test_sfm_service.TestSFMServiceIntegration" name="test_list_nodes_and_relationships_integration" time="0.007" /><testcase classname="tests.test_sfm_service.TestSFMServiceFactory" name="test_create_sfm_service" time="0.001" /><testcase classname="tests.test_sfm_service.TestSFMServiceFactory" name="test_create_sfm_service_default_config" time="0.001" /><testcase classname="tests.test_sfm_service.TestSFMServiceIntegration" name="test_policy_impact_analysis_integration" time="0.008" /><testcase classname="tests.test_sfm_service.TestSFMServiceFactory" name="test_get_sfm_service_singleton" time="0.001" /><testcase classname="tests.test_sfm_service.TestSFMServiceFactory" name="test_quick_analysis_error_handling" time="0.003" /><testcase classname="tests.test_sfm_service.TestSFMServiceIntegration" name="test_service_health_integration" time="0.013" /><testcase classname="tests.test_sfm_service.TestSFMServiceFactory" name="test_quick_analysis_function" time="0.007" /><testcase classname="tests.test_sfm_service.TestSFMServiceFactory" name="test_reset_sfm_service" time="0.002" /><testcase classname="tests.test_sfm_service.TestSFMServiceEdgeCases" name="test_analysis_on_empty_graph" time="0.004" /><testcase classname="tests.test_sfm_service.TestSFMServiceIntegration" name="test_shortest_path_integration" time="0.009" /><testcase classname="tests.test_sfm_service.TestSFMServiceEdgeCases" name="test_create_entity_with_empty_strings" time="0.005" /><testcase classname="tests.test_sfm_query_ext.TestPerformanceAndScalability" name="test_pathfinding_performance_scalability" time="0.003" /><testcase classname="tests.test_sfm_service.TestSFMServiceEdgeCases" name="test_pagination_edge_cases" time="0.015" /><testcase classname="tests.test_sfm_service.TestSFMServiceEdgeCases" name="test_create_relationship_with_same_source_target" time="0.006" /><testcase classname="tests.test_sfm_service.TestDataTransferObjects" name="test_centrality_analysis" time="0.001" /><testcase classname="tests.test_sfm_service.TestDataTransferObjects" name="test_create_actor_request" time="0.001" /><testcase classname="tests.test_sfm_service.TestSFMServiceEdgeCases" name="test_get_nonexistent_entity" time="0.004" /><testcase classname="tests.test_sfm_service.TestDataTransferObjects" name="test_create_institution_request" time="0.001" /><testcase classname="tests.test_sfm_service.TestSFMServiceEdgeCases" name="test_policy_impact_analysis_nonexistent_policy" time="0.004" /><testcase classname="tests.test_sfm_service.TestSFMServiceEdgeCases" name="test_large_graph_size_validation" time="0.010" /><testcase classname="tests.test_sfm_service.TestSFMServiceEdgeCases" name="test_transaction_context_manager" time="0.004" /><testcase classname="tests.test_sfm_service.TestSFMServiceAdvanced" name="test_bulk_operations" time="0.019" /><testcase classname="tests.test_sfm_service.TestSFMServiceEdgeCases" name="test_shortest_path_no_path_exists" time="0.009" /><testcase classname="tests.test_sfm_service.TestSFMServiceAdvanced" name="test_error_recovery" time="0.002" /><testcase classname="tests.test_sfm_service.TestSFMServiceAdvanced" name="test_flow_analysis" time="0.004" /><testcase classname="tests.test_sfm_service.TestSFMServiceAdvanced" name="test_graph_validation" time="0.005" /><testcase classname="tests.test_sfm_service.TestSFMServiceAdvanced" name="test_metadata_handling" time="0.007" /><testcase classname="tests.test_sfm_service.TestSFMServiceAdvanced" name="test_health_monitoring" time="0.003" /><testcase classname="tests.test_sfm_service.TestSFMServiceAdvanced" name="test_complex_queries" time="0.005" /><testcase classname="tests.test_sfm_service.TestSFMServiceAdvanced" name="test_temporal_analysis" time="0.004" /><testcase classname="tests.test_sfm_service.TestSFMServiceAdvanced" name="test_network_metrics_calculation" time="0.009" /><testcase classname="tests.test_sfm_service.TestSFMServiceAdvanced" name="test_uncertainty_handling" time="0.004" /><testcase classname="tests.test_sfm_service.TestSFMServicePerformance" name="test_large_graph_performance" time="0.146" /><testcase classname="tests.test_sfm_service.TestSFMServicePerformance" name="test_concurrent_operations" time="0.040" /><testcase classname="tests.test_sfm_specific_enums.TestTechnologyReadinessLevel" name="test_enum_completeness" time="0.001" /><testcase classname="tests.test_sfm_specific_enums.TestTechnologyReadinessLevel" name="test_repository_maturity_range" time="0.001" /><testcase classname="tests.test_sfm_query.TestPerformance" name="test_pathfinding_performance" time="0.012" /><testcase classname="tests.test_sfm_specific_enums.TestLegitimacySource" name="test_all_legitimacy_sources_with_value_system" time="0.001" /><testcase classname="tests.test_sfm_specific_enums.TestLegitimacySource" name="test_enum_count" time="0.002" /><testcase classname="tests.test_sfm_specific_enums.TestLegitimacySource" name="test_extended_legitimacy_sources" time="0.001" /><testcase classname="tests.test_sfm_specific_enums.TestLegitimacySource" name="test_value_system_integration" time="0.001" /><testcase classname="tests.test_sfm_query_ext.TestSFMQueryEngineAbstract" name="test_abstract_class_cannot_be_instantiated" time="0.001" /><testcase classname="tests.test_sfm_query_ext.TestSFMQueryEngineAbstract" name="test_abstract_methods_are_defined" time="0.001" /><testcase classname="tests.test_sfm_specific_enums.TestLegitimacySource" name="test_weber_authority_types" time="0.001" /><testcase classname="tests.test_sfm_query_ext.TestSFMQueryEngineAbstract" name="test_graph_assignment_in_constructor" time="0.002" /><testcase classname="tests.test_sfm_specific_enums.TestSFMEnumDocumentation" name="test_legitimacy_source_docstring" time="0.001" /><testcase classname="tests.test_sfm_query_ext.TestDataClasses" name="test_flow_analysis_data_structure" time="0.001" /><testcase classname="tests.test_sfm_query_ext.TestDataClasses" name="test_node_metrics_comprehensive_data" time="0.001" /><testcase classname="tests.test_sfm_specific_enums.TestSFMEnumDocumentation" name="test_technology_readiness_level_docstring" time="0.001" /><testcase classname="tests.test_sfm_query_ext.TestDataClasses" name="test_query_result_creation_and_serialization" time="0.001" /><testcase classname="tests.test_sfm_query_ext.TestNetworkXSFMQueryEngineUnit" name="test_bottleneck_identification_analysis" time="0.002" /><testcase classname="tests.test_sfm_specific_enums.TestEnumCompatibility" name="test_institutional_change_type_exists" time="0.002" /><testcase classname="tests.test_sfm_specific_enums.TestTechnologyReadinessLevel" name="test_technology_system_integration" time="0.002" /><testcase classname="tests.test_sfm_specific_enums.TestEnumCompatibility" name="test_path_dependency_type_exists" time="0.001" /><testcase classname="tests.test_sfm_specific_enums.TestSFMSpecificEnumValidation" name="test_legitimacy_source_validation_appropriate_contexts" time="0.001" /><testcase classname="tests.test_sfm_specific_enums.TestSFMSpecificEnumValidation" name="test_legitimacy_source_validation_charismatic_context" time="0.001" /><testcase classname="tests.test_sfm_specific_enums.TestSFMSpecificEnumValidation" name="test_trl_validation_commercial_context" time="0.001" /><testcase classname="tests.test_sfm_specific_enums.TestSFMSpecificEnumValidation" name="test_legitimacy_source_validation_traditional_context" time="0.001" /><testcase classname="tests.test_sfm_specific_enums.TestSFMSpecificEnumValidation" name="test_trl_validation_inappropriate_context" time="0.001" /><testcase classname="tests.test_sfm_specific_enums.TestSFMSpecificEnumValidation" name="test_trl_validation_research_context" time="0.001" /><testcase classname="tests.test_sfm_specific_enums.TestTechnologyReadinessLevel" name="test_enum_values" time="0.001" /></testsuite></testsuites>